{
  "version": "1.5.0",
  "plugins_used": [
    {
      "name": "ArtifactoryDetector"
    },
    {
      "name": "AWSKeyDetector"
    },
    {
      "name": "AzureStorageKeyDetector"
    },
    {
      "name": "Base64HighEntropyString",
      "limit": 4.5
    },
    {
      "name": "BasicAuthDetector"
    },
    {
      "name": "CloudantDetector"
    },
    {
      "name": "DiscordBotTokenDetector"
    },
    {
      "name": "GitHubTokenDetector"
    },
    {
      "name": "GitLabTokenDetector"
    },
    {
      "name": "HexHighEntropyString",
      "limit": 3.0
    },
    {
      "name": "IbmCloudIamDetector"
    },
    {
      "name": "IbmCosHmacDetector"
    },
    {
      "name": "IPPublicDetector"
    },
    {
      "name": "JwtTokenDetector"
    },
    {
      "name": "KeywordDetector",
      "keyword_exclude": ""
    },
    {
      "name": "MailchimpDetector"
    },
    {
      "name": "NpmDetector"
    },
    {
      "name": "OpenAIDetector"
    },
    {
      "name": "PrivateKeyDetector"
    },
    {
      "name": "PypiTokenDetector"
    },
    {
      "name": "SendGridDetector"
    },
    {
      "name": "SlackDetector"
    },
    {
      "name": "SoftlayerDetector"
    },
    {
      "name": "SquareOAuthDetector"
    },
    {
      "name": "StripeDetector"
    },
    {
      "name": "TelegramBotTokenDetector"
    },
    {
      "name": "TwilioKeyDetector"
    }
  ],
  "filters_used": [
    {
      "path": "detect_secrets.filters.allowlist.is_line_allowlisted"
    },
    {
      "path": "detect_secrets.filters.common.is_ignored_due_to_verification_policies",
      "min_level": 2
    },
    {
      "path": "detect_secrets.filters.heuristic.is_indirect_reference"
    },
    {
      "path": "detect_secrets.filters.heuristic.is_likely_id_string"
    },
    {
      "path": "detect_secrets.filters.heuristic.is_lock_file"
    },
    {
      "path": "detect_secrets.filters.heuristic.is_not_alphanumeric_string"
    },
    {
      "path": "detect_secrets.filters.heuristic.is_potential_uuid"
    },
    {
      "path": "detect_secrets.filters.heuristic.is_prefixed_with_dollar_sign"
    },
    {
      "path": "detect_secrets.filters.heuristic.is_sequential_string"
    },
    {
      "path": "detect_secrets.filters.heuristic.is_swagger_file"
    },
    {
      "path": "detect_secrets.filters.heuristic.is_templated_secret"
    },
    {
      "path": "detect_secrets.filters.regex.should_exclude_file",
      "pattern": [
        "(htmlcov/|\\.coverage$|coverage\\.xml|node_modules/|\\.git/|__pycache__/|\\.pyc$|\\.idea/|agent-transcripts/|mcps/)"
      ]
    }
  ],
  "results": {
    ".env": [
      {
        "type": "Secret Keyword",
        "filename": ".env",
        "hashed_secret": "5431bf637d810195f61f3e198ee4d3e4cd942507",
        "is_verified": false,
        "line_number": 4
      }
    ],
    ".env.example": [
      {
        "type": "Basic Auth Credentials",
        "filename": ".env.example",
        "hashed_secret": "5baa61e4c9b93f3f0682250b6cf8331b7ee68fd8",
        "is_verified": false,
        "line_number": 23
      }
    ],
    ".env.production.example": [
      {
        "type": "Basic Auth Credentials",
        "filename": ".env.production.example",
        "hashed_secret": "112bb791304791ddcf692e29fd5cf149b35fea37",
        "is_verified": false,
        "line_number": 13
      }
    ],
    ".github\\workflows\\ci.yml": [
      {
        "type": "Secret Keyword",
        "filename": ".github\\workflows\\ci.yml",
        "hashed_secret": "dc76e9f0c0006e8f919e0c515c66dbba3982f785",
        "is_verified": false,
        "line_number": 58
      },
      {
        "type": "Secret Keyword",
        "filename": ".github\\workflows\\ci.yml",
        "hashed_secret": "845c5f3e08611f6973efe0fdf26cbddde96e0247",
        "is_verified": false,
        "line_number": 70
      },
      {
        "type": "Basic Auth Credentials",
        "filename": ".github\\workflows\\ci.yml",
        "hashed_secret": "dc76e9f0c0006e8f919e0c515c66dbba3982f785",
        "is_verified": false,
        "line_number": 71
      }
    ],
    ".github\\workflows\\phase9-ci.yml": [
      {
        "type": "Secret Keyword",
        "filename": ".github\\workflows\\phase9-ci.yml",
        "hashed_secret": "dc76e9f0c0006e8f919e0c515c66dbba3982f785",
        "is_verified": false,
        "line_number": 22
      },
      {
        "type": "Secret Keyword",
        "filename": ".github\\workflows\\phase9-ci.yml",
        "hashed_secret": "845c5f3e08611f6973efe0fdf26cbddde96e0247",
        "is_verified": false,
        "line_number": 34
      },
      {
        "type": "Basic Auth Credentials",
        "filename": ".github\\workflows\\phase9-ci.yml",
        "hashed_secret": "dc76e9f0c0006e8f919e0c515c66dbba3982f785",
        "is_verified": false,
        "line_number": 35
      }
    ],
    ".github\\workflows\\phase9-release.yml": [
      {
        "type": "Secret Keyword",
        "filename": ".github\\workflows\\phase9-release.yml",
        "hashed_secret": "845c5f3e08611f6973efe0fdf26cbddde96e0247",
        "is_verified": false,
        "line_number": 46
      }
    ],
    ".github\\workflows\\release.yml": [
      {
        "type": "Secret Keyword",
        "filename": ".github\\workflows\\release.yml",
        "hashed_secret": "3e26d6750975d678acb8fa35a0f69237881576b0",
        "is_verified": false,
        "line_number": 20
      }
    ],
    ".ruff_cache\\CACHEDIR.TAG": [
      {
        "type": "Hex High Entropy String",
        "filename": ".ruff_cache\\CACHEDIR.TAG",
        "hashed_secret": "e8f8c345877b2411a59897798e422b15b0c16d76",
        "is_verified": false,
        "line_number": 1
      }
    ],
    ".secrets.baseline": [
      {
        "type": "Hex High Entropy String",
        "filename": ".secrets.baseline",
        "hashed_secret": "22f341d9900278e389150bfda8796caabc1b3fa5",
        "is_verified": false,
        "line_number": 140
      },
      {
        "type": "Secret Keyword",
        "filename": ".secrets.baseline",
        "hashed_secret": "22f341d9900278e389150bfda8796caabc1b3fa5",
        "is_verified": false,
        "line_number": 140
      },
      {
        "type": "Hex High Entropy String",
        "filename": ".secrets.baseline",
        "hashed_secret": "353e8061f2befecb6818ba0c034c632fb0bcae1b",
        "is_verified": false,
        "line_number": 149
      },
      {
        "type": "Secret Keyword",
        "filename": ".secrets.baseline",
        "hashed_secret": "353e8061f2befecb6818ba0c034c632fb0bcae1b",
        "is_verified": false,
        "line_number": 149
      },
      {
        "type": "Hex High Entropy String",
        "filename": ".secrets.baseline",
        "hashed_secret": "d5ff0791790268979c87dd4c2272da543077708e",
        "is_verified": false,
        "line_number": 158
      },
      {
        "type": "Secret Keyword",
        "filename": ".secrets.baseline",
        "hashed_secret": "d5ff0791790268979c87dd4c2272da543077708e",
        "is_verified": false,
        "line_number": 158
      },
      {
        "type": "Hex High Entropy String",
        "filename": ".secrets.baseline",
        "hashed_secret": "0ddec2d7e784f56fe0bd4fe295b4b53464af379c",
        "is_verified": false,
        "line_number": 167
      },
      {
        "type": "Secret Keyword",
        "filename": ".secrets.baseline",
        "hashed_secret": "0ddec2d7e784f56fe0bd4fe295b4b53464af379c",
        "is_verified": false,
        "line_number": 167
      },
      {
        "type": "Hex High Entropy String",
        "filename": ".secrets.baseline",
        "hashed_secret": "5b4dc23ed21bef8c482f09f4d92182f7c514f3a0",
        "is_verified": false,
        "line_number": 174
      },
      {
        "type": "Secret Keyword",
        "filename": ".secrets.baseline",
        "hashed_secret": "5b4dc23ed21bef8c482f09f4d92182f7c514f3a0",
        "is_verified": false,
        "line_number": 174
      },
      {
        "type": "Hex High Entropy String",
        "filename": ".secrets.baseline",
        "hashed_secret": "8848f43f2ea50c9e994adadce791707ee71f6685",
        "is_verified": false,
        "line_number": 222
      },
      {
        "type": "Secret Keyword",
        "filename": ".secrets.baseline",
        "hashed_secret": "8848f43f2ea50c9e994adadce791707ee71f6685",
        "is_verified": false,
        "line_number": 222
      },
      {
        "type": "Hex High Entropy String",
        "filename": ".secrets.baseline",
        "hashed_secret": "2dcacc9e856178a8b3eaafadf76c49d0d1f50197",
        "is_verified": false,
        "line_number": 231
      },
      {
        "type": "Secret Keyword",
        "filename": ".secrets.baseline",
        "hashed_secret": "2dcacc9e856178a8b3eaafadf76c49d0d1f50197",
        "is_verified": false,
        "line_number": 231
      },
      {
        "type": "Hex High Entropy String",
        "filename": ".secrets.baseline",
        "hashed_secret": "300ac668c782c666a9de0f2ccb59cea082255b5d",
        "is_verified": false,
        "line_number": 240
      },
      {
        "type": "Secret Keyword",
        "filename": ".secrets.baseline",
        "hashed_secret": "300ac668c782c666a9de0f2ccb59cea082255b5d",
        "is_verified": false,
        "line_number": 240
      },
      {
        "type": "Hex High Entropy String",
        "filename": ".secrets.baseline",
        "hashed_secret": "30cdace39a820102647194004745097d8062acde",
        "is_verified": false,
        "line_number": 258
      },
      {
        "type": "Secret Keyword",
        "filename": ".secrets.baseline",
        "hashed_secret": "30cdace39a820102647194004745097d8062acde",
        "is_verified": false,
        "line_number": 258
      },
      {
        "type": "Hex High Entropy String",
        "filename": ".secrets.baseline",
        "hashed_secret": "70d2bffaebb0de83e0c5753b7293f99609f65f0f",
        "is_verified": false,
        "line_number": 267
      },
      {
        "type": "Secret Keyword",
        "filename": ".secrets.baseline",
        "hashed_secret": "70d2bffaebb0de83e0c5753b7293f99609f65f0f",
        "is_verified": false,
        "line_number": 267
      },
      {
        "type": "Hex High Entropy String",
        "filename": ".secrets.baseline",
        "hashed_secret": "0c274fc4fd0588fefbf4534d33c99684a9636052",
        "is_verified": false,
        "line_number": 294
      },
      {
        "type": "Secret Keyword",
        "filename": ".secrets.baseline",
        "hashed_secret": "0c274fc4fd0588fefbf4534d33c99684a9636052",
        "is_verified": false,
        "line_number": 294
      },
      {
        "type": "Hex High Entropy String",
        "filename": ".secrets.baseline",
        "hashed_secret": "0aec50aaadccffe9868c2b55fc67695091d1af88",
        "is_verified": false,
        "line_number": 301
      },
      {
        "type": "Secret Keyword",
        "filename": ".secrets.baseline",
        "hashed_secret": "0aec50aaadccffe9868c2b55fc67695091d1af88",
        "is_verified": false,
        "line_number": 301
      },
      {
        "type": "Hex High Entropy String",
        "filename": ".secrets.baseline",
        "hashed_secret": "eed3d8569adbc5f44b322acfd4a4de5347f6f250",
        "is_verified": false,
        "line_number": 310
      },
      {
        "type": "Secret Keyword",
        "filename": ".secrets.baseline",
        "hashed_secret": "eed3d8569adbc5f44b322acfd4a4de5347f6f250",
        "is_verified": false,
        "line_number": 310
      },
      {
        "type": "Hex High Entropy String",
        "filename": ".secrets.baseline",
        "hashed_secret": "8e2ad3b8e7ee8cdf34d66b120fae70625ab1a4ae",
        "is_verified": false,
        "line_number": 317
      },
      {
        "type": "Secret Keyword",
        "filename": ".secrets.baseline",
        "hashed_secret": "8e2ad3b8e7ee8cdf34d66b120fae70625ab1a4ae",
        "is_verified": false,
        "line_number": 317
      },
      {
        "type": "Hex High Entropy String",
        "filename": ".secrets.baseline",
        "hashed_secret": "4dfcdf7b9c358fbc9497f4097480a1c04576701d",
        "is_verified": false,
        "line_number": 326
      },
      {
        "type": "Secret Keyword",
        "filename": ".secrets.baseline",
        "hashed_secret": "4dfcdf7b9c358fbc9497f4097480a1c04576701d",
        "is_verified": false,
        "line_number": 326
      },
      {
        "type": "Hex High Entropy String",
        "filename": ".secrets.baseline",
        "hashed_secret": "0578ab0435b7d8949f132b259f188a8ba4e25bb5",
        "is_verified": false,
        "line_number": 333
      },
      {
        "type": "Secret Keyword",
        "filename": ".secrets.baseline",
        "hashed_secret": "0578ab0435b7d8949f132b259f188a8ba4e25bb5",
        "is_verified": false,
        "line_number": 333
      },
      {
        "type": "Hex High Entropy String",
        "filename": ".secrets.baseline",
        "hashed_secret": "1aff4ef40103f8ba823462580c288c99c752ecfc",
        "is_verified": false,
        "line_number": 405
      },
      {
        "type": "Secret Keyword",
        "filename": ".secrets.baseline",
        "hashed_secret": "1aff4ef40103f8ba823462580c288c99c752ecfc",
        "is_verified": false,
        "line_number": 405
      },
      {
        "type": "Hex High Entropy String",
        "filename": ".secrets.baseline",
        "hashed_secret": "16b0060fe9bf52b4f8c88fb3a90c7f8f040e4407",
        "is_verified": false,
        "line_number": 412
      },
      {
        "type": "Secret Keyword",
        "filename": ".secrets.baseline",
        "hashed_secret": "16b0060fe9bf52b4f8c88fb3a90c7f8f040e4407",
        "is_verified": false,
        "line_number": 412
      },
      {
        "type": "Hex High Entropy String",
        "filename": ".secrets.baseline",
        "hashed_secret": "2fb1d48d7a0a7e7167b2ae067b630ff863651aad",
        "is_verified": false,
        "line_number": 421
      },
      {
        "type": "Secret Keyword",
        "filename": ".secrets.baseline",
        "hashed_secret": "2fb1d48d7a0a7e7167b2ae067b630ff863651aad",
        "is_verified": false,
        "line_number": 421
      },
      {
        "type": "Hex High Entropy String",
        "filename": ".secrets.baseline",
        "hashed_secret": "5c0e61ba26223374db9707d4d7a9be3c8a1b803e",
        "is_verified": false,
        "line_number": 439
      },
      {
        "type": "Secret Keyword",
        "filename": ".secrets.baseline",
        "hashed_secret": "5c0e61ba26223374db9707d4d7a9be3c8a1b803e",
        "is_verified": false,
        "line_number": 439
      },
      {
        "type": "Hex High Entropy String",
        "filename": ".secrets.baseline",
        "hashed_secret": "7858633f46c8d94e92c7831bf3f1afa9095e5a0e",
        "is_verified": false,
        "line_number": 457
      },
      {
        "type": "Secret Keyword",
        "filename": ".secrets.baseline",
        "hashed_secret": "7858633f46c8d94e92c7831bf3f1afa9095e5a0e",
        "is_verified": false,
        "line_number": 457
      },
      {
        "type": "Hex High Entropy String",
        "filename": ".secrets.baseline",
        "hashed_secret": "1ad9a77d6b9bd2d6d00af9893626315bc7023045",
        "is_verified": false,
        "line_number": 466
      },
      {
        "type": "Secret Keyword",
        "filename": ".secrets.baseline",
        "hashed_secret": "1ad9a77d6b9bd2d6d00af9893626315bc7023045",
        "is_verified": false,
        "line_number": 466
      },
      {
        "type": "Hex High Entropy String",
        "filename": ".secrets.baseline",
        "hashed_secret": "a12fcc75fde05783a8cde255598841884acce568",
        "is_verified": false,
        "line_number": 475
      },
      {
        "type": "Secret Keyword",
        "filename": ".secrets.baseline",
        "hashed_secret": "a12fcc75fde05783a8cde255598841884acce568",
        "is_verified": false,
        "line_number": 475
      },
      {
        "type": "Hex High Entropy String",
        "filename": ".secrets.baseline",
        "hashed_secret": "7d0d0f1fd77e1ecf84a4de301072fd9b9b176c07",
        "is_verified": false,
        "line_number": 482
      },
      {
        "type": "Secret Keyword",
        "filename": ".secrets.baseline",
        "hashed_secret": "7d0d0f1fd77e1ecf84a4de301072fd9b9b176c07",
        "is_verified": false,
        "line_number": 482
      },
      {
        "type": "Hex High Entropy String",
        "filename": ".secrets.baseline",
        "hashed_secret": "989df2c8b5ea37eb7cfde0527d94c01a15257002",
        "is_verified": false,
        "line_number": 500
      },
      {
        "type": "Secret Keyword",
        "filename": ".secrets.baseline",
        "hashed_secret": "989df2c8b5ea37eb7cfde0527d94c01a15257002",
        "is_verified": false,
        "line_number": 500
      },
      {
        "type": "Hex High Entropy String",
        "filename": ".secrets.baseline",
        "hashed_secret": "3d744383c1d5fd5d426a8dbb153a663ddbf8d1d2",
        "is_verified": false,
        "line_number": 516
      },
      {
        "type": "Secret Keyword",
        "filename": ".secrets.baseline",
        "hashed_secret": "3d744383c1d5fd5d426a8dbb153a663ddbf8d1d2",
        "is_verified": false,
        "line_number": 516
      },
      {
        "type": "Hex High Entropy String",
        "filename": ".secrets.baseline",
        "hashed_secret": "f35f93d66770905edf43de7205d740a54b012da7",
        "is_verified": false,
        "line_number": 644
      },
      {
        "type": "Secret Keyword",
        "filename": ".secrets.baseline",
        "hashed_secret": "f35f93d66770905edf43de7205d740a54b012da7",
        "is_verified": false,
        "line_number": 644
      },
      {
        "type": "Hex High Entropy String",
        "filename": ".secrets.baseline",
        "hashed_secret": "da11e8beaed1a01e595acec8628802d6b3493f37",
        "is_verified": false,
        "line_number": 653
      },
      {
        "type": "Secret Keyword",
        "filename": ".secrets.baseline",
        "hashed_secret": "da11e8beaed1a01e595acec8628802d6b3493f37",
        "is_verified": false,
        "line_number": 653
      },
      {
        "type": "Hex High Entropy String",
        "filename": ".secrets.baseline",
        "hashed_secret": "3310545640d4ade117895d730eb248bce95c17ee",
        "is_verified": false,
        "line_number": 792
      },
      {
        "type": "Secret Keyword",
        "filename": ".secrets.baseline",
        "hashed_secret": "3310545640d4ade117895d730eb248bce95c17ee",
        "is_verified": false,
        "line_number": 792
      }
    ],
    "config\\settings\\base.py": [
      {
        "type": "Basic Auth Credentials",
        "filename": "config\\settings\\base.py",
        "hashed_secret": "9d4e1e23bd5b727046a9e3b4b7db57bd8d6ee684",
        "is_verified": false,
        "line_number": 63
      }
    ],
    "config\\settings\\ci.py": [
      {
        "type": "Basic Auth Credentials",
        "filename": "config\\settings\\ci.py",
        "hashed_secret": "dc76e9f0c0006e8f919e0c515c66dbba3982f785",
        "is_verified": false,
        "line_number": 18
      }
    ],
    "core\\fixtures\\phase4_seed.json": [
      {
        "type": "Secret Keyword",
        "filename": "core\\fixtures\\phase4_seed.json",
        "hashed_secret": "c99ba6a5fe538d77ff507be70e0691808512bbed",
        "is_verified": false,
        "line_number": 62
      }
    ],
    "core\\test_phase4.py": [
      {
        "type": "Secret Keyword",
        "filename": "core\\test_phase4.py",
        "hashed_secret": "e02bb19592091e10c0f9737864d50e28a9ecc778",
        "is_verified": false,
        "line_number": 58
      }
    ],
    "tests\\academic\\test_gpa_transcript_integrity.py": [
      {
        "type": "Secret Keyword",
        "filename": "tests\\academic\\test_gpa_transcript_integrity.py",
        "hashed_secret": "e02bb19592091e10c0f9737864d50e28a9ecc778",
        "is_verified": false,
        "line_number": 27
      }
    ],
    "tests\\enrollments\\test_enrollment_concurrency.py": [
      {
        "type": "Secret Keyword",
        "filename": "tests\\enrollments\\test_enrollment_concurrency.py",
        "hashed_secret": "e02bb19592091e10c0f9737864d50e28a9ecc778",
        "is_verified": false,
        "line_number": 26
      }
    ],
    "tests\\security\\test_rate_limit_login.py": [
      {
        "type": "Secret Keyword",
        "filename": "tests\\security\\test_rate_limit_login.py",
        "hashed_secret": "d9a61974fe12ea7f9e29b1d9211cf67c30234841",
        "is_verified": false,
        "line_number": 24
      },
      {
        "type": "Secret Keyword",
        "filename": "tests\\security\\test_rate_limit_login.py",
        "hashed_secret": "a2cee5c8efe27dd12a2a15c9611b7c39b9960d8a",
        "is_verified": false,
        "line_number": 35
      }
    ],
    "venv\\Lib\\site-packages\\Flask_Login-0.6.3.dist-info\\METADATA": [
      {
        "type": "Secret Keyword",
        "filename": "venv\\Lib\\site-packages\\Flask_Login-0.6.3.dist-info\\METADATA",
        "hashed_secret": "6581ec087cbcd7a127852c309a41201ffb198d94",
        "is_verified": false,
        "line_number": 64
      },
      {
        "type": "Secret Keyword",
        "filename": "venv\\Lib\\site-packages\\Flask_Login-0.6.3.dist-info\\METADATA",
        "hashed_secret": "e5e9fa1ba31ecd1ae84f75caaa474f3a663f05f4",
        "is_verified": false,
        "line_number": 85
      }
    ],
    "venv\\Lib\\site-packages\\PyMySQL-1.1.1.dist-info\\METADATA": [
      {
        "type": "Secret Keyword",
        "filename": "venv\\Lib\\site-packages\\PyMySQL-1.1.1.dist-info\\METADATA",
        "hashed_secret": "30274c47903bd1bac7633bbf09743149ebab805f",
        "is_verified": false,
        "line_number": 93
      },
      {
        "type": "Secret Keyword",
        "filename": "venv\\Lib\\site-packages\\PyMySQL-1.1.1.dist-info\\METADATA",
        "hashed_secret": "eddad44cee264b9d493d75583777c145fc12c4fd",
        "is_verified": false,
        "line_number": 118
      }
    ],
    "venv\\Lib\\site-packages\\alembic\\context.pyi": [
      {
        "type": "Basic Auth Credentials",
        "filename": "venv\\Lib\\site-packages\\alembic\\context.pyi",
        "hashed_secret": "9d4e1e23bd5b727046a9e3b4b7db57bd8d6ee684",
        "is_verified": false,
        "line_number": 807
      }
    ],
    "venv\\Lib\\site-packages\\alembic\\runtime\\environment.py": [
      {
        "type": "Basic Auth Credentials",
        "filename": "venv\\Lib\\site-packages\\alembic\\runtime\\environment.py",
        "hashed_secret": "9d4e1e23bd5b727046a9e3b4b7db57bd8d6ee684",
        "is_verified": false,
        "line_number": 389
      }
    ],
    "venv\\Lib\\site-packages\\alembic\\templates\\async\\alembic.ini.mako": [
      {
        "type": "Basic Auth Credentials",
        "filename": "venv\\Lib\\site-packages\\alembic\\templates\\async\\alembic.ini.mako",
        "hashed_secret": "9d4e1e23bd5b727046a9e3b4b7db57bd8d6ee684",
        "is_verified": false,
        "line_number": 89
      }
    ],
    "venv\\Lib\\site-packages\\alembic\\templates\\generic\\alembic.ini.mako": [
      {
        "type": "Basic Auth Credentials",
        "filename": "venv\\Lib\\site-packages\\alembic\\templates\\generic\\alembic.ini.mako",
        "hashed_secret": "9d4e1e23bd5b727046a9e3b4b7db57bd8d6ee684",
        "is_verified": false,
        "line_number": 89
      }
    ],
    "venv\\Lib\\site-packages\\alembic\\templates\\multidb\\alembic.ini.mako": [
      {
        "type": "Basic Auth Credentials",
        "filename": "venv\\Lib\\site-packages\\alembic\\templates\\multidb\\alembic.ini.mako",
        "hashed_secret": "9d4e1e23bd5b727046a9e3b4b7db57bd8d6ee684",
        "is_verified": false,
        "line_number": 95
      }
    ],
    "venv\\Lib\\site-packages\\alembic\\templates\\pyproject\\alembic.ini.mako": [
      {
        "type": "Basic Auth Credentials",
        "filename": "venv\\Lib\\site-packages\\alembic\\templates\\pyproject\\alembic.ini.mako",
        "hashed_secret": "9d4e1e23bd5b727046a9e3b4b7db57bd8d6ee684",
        "is_verified": false,
        "line_number": 8
      }
    ],
    "venv\\Lib\\site-packages\\alembic\\templates\\pyproject_async\\alembic.ini.mako": [
      {
        "type": "Basic Auth Credentials",
        "filename": "venv\\Lib\\site-packages\\alembic\\templates\\pyproject_async\\alembic.ini.mako",
        "hashed_secret": "9d4e1e23bd5b727046a9e3b4b7db57bd8d6ee684",
        "is_verified": false,
        "line_number": 8
      }
    ],
    "venv\\Lib\\site-packages\\cryptography\\hazmat\\_oid.py": [
      {
        "type": "Secret Keyword",
        "filename": "venv\\Lib\\site-packages\\cryptography\\hazmat\\_oid.py",
        "hashed_secret": "afe3ee1ae892f455f2fd42038bce7e207e215987",
        "is_verified": false,
        "line_number": 317
      },
      {
        "type": "Secret Keyword",
        "filename": "venv\\Lib\\site-packages\\cryptography\\hazmat\\_oid.py",
        "hashed_secret": "77ed6e40696bbda8ca7f73fa3e77e8ad45f79c38",
        "is_verified": false,
        "line_number": 355
      }
    ],
    "venv\\Lib\\site-packages\\cryptography\\hazmat\\primitives\\serialization\\ssh.py": [
      {
        "type": "Private Key",
        "filename": "venv\\Lib\\site-packages\\cryptography\\hazmat\\primitives\\serialization\\ssh.py",
        "hashed_secret": "27c6929aef41ae2bcadac15ca6abcaff72cda9cd",
        "is_verified": false,
        "line_number": 78
      }
    ],
    "venv\\Lib\\site-packages\\django\\contrib\\auth\\management\\commands\\createsuperuser.py": [
      {
        "type": "Secret Keyword",
        "filename": "venv\\Lib\\site-packages\\django\\contrib\\auth\\management\\commands\\createsuperuser.py",
        "hashed_secret": "5baa61e4c9b93f3f0682250b6cf8331b7ee68fd8",
        "is_verified": false,
        "line_number": 23
      }
    ],
    "venv\\Lib\\site-packages\\django\\core\\checks\\security\\base.py": [
      {
        "type": "Secret Keyword",
        "filename": "venv\\Lib\\site-packages\\django\\core\\checks\\security\\base.py",
        "hashed_secret": "43546950981323afd4ef406f9f530d0d743ce0e4",
        "is_verified": false,
        "line_number": 22
      }
    ],
    "venv\\Lib\\site-packages\\django_environ-0.12.0.dist-info\\METADATA": [
      {
        "type": "Basic Auth Credentials",
        "filename": "venv\\Lib\\site-packages\\django_environ-0.12.0.dist-info\\METADATA",
        "hashed_secret": "9d4e1e23bd5b727046a9e3b4b7db57bd8d6ee684",
        "is_verified": false,
        "line_number": 120
      }
    ],
    "venv\\Lib\\site-packages\\flask\\config.py": [
      {
        "type": "Secret Keyword",
        "filename": "venv\\Lib\\site-packages\\flask\\config.py",
        "hashed_secret": "e1605c96b71dc2471c489d2d02af4f9871066c9e",
        "is_verified": false,
        "line_number": 66
      }
    ],
    "venv\\Lib\\site-packages\\flask_bcrypt.py": [
      {
        "type": "Secret Keyword",
        "filename": "venv\\Lib\\site-packages\\flask_bcrypt.py",
        "hashed_secret": "f3bbbd66a63d4bf1747940578ec3d0103530e21d",
        "is_verified": false,
        "line_number": 91
      }
    ],
    "venv\\Lib\\site-packages\\flask_wtf\\recaptcha\\validators.py": [
      {
        "type": "Secret Keyword",
        "filename": "venv\\Lib\\site-packages\\flask_wtf\\recaptcha\\validators.py",
        "hashed_secret": "07e3eb44f4da866ca6586082218a742f7db53d75",
        "is_verified": false,
        "line_number": 11
      },
      {
        "type": "Secret Keyword",
        "filename": "venv\\Lib\\site-packages\\flask_wtf\\recaptcha\\validators.py",
        "hashed_secret": "744fdf45ff533555541435323ae13f129d88aaf4",
        "is_verified": false,
        "line_number": 12
      }
    ],
    "venv\\Lib\\site-packages\\pip\\_vendor\\urllib3\\util\\url.py": [
      {
        "type": "Basic Auth Credentials",
        "filename": "venv\\Lib\\site-packages\\pip\\_vendor\\urllib3\\util\\url.py",
        "hashed_secret": "5baa61e4c9b93f3f0682250b6cf8331b7ee68fd8",
        "is_verified": false,
        "line_number": 148
      }
    ],
    "venv\\Lib\\site-packages\\sqlalchemy\\dialects\\mssql\\aioodbc.py": [
      {
        "type": "Basic Auth Credentials",
        "filename": "venv\\Lib\\site-packages\\sqlalchemy\\dialects\\mssql\\aioodbc.py",
        "hashed_secret": "46e3d772a1888eadff26c7ada47fd7502d796e07",
        "is_verified": false,
        "line_number": 37
      }
    ],
    "venv\\Lib\\site-packages\\sqlalchemy\\dialects\\mssql\\base.py": [
      {
        "type": "Basic Auth Credentials",
        "filename": "venv\\Lib\\site-packages\\sqlalchemy\\dialects\\mssql\\base.py",
        "hashed_secret": "46e3d772a1888eadff26c7ada47fd7502d796e07",
        "is_verified": false,
        "line_number": 499
      },
      {
        "type": "Basic Auth Credentials",
        "filename": "venv\\Lib\\site-packages\\sqlalchemy\\dialects\\mssql\\base.py",
        "hashed_secret": "2fb92e1bc32060aea1b9d895954e8c7fc9ec508c",
        "is_verified": false,
        "line_number": 554
      },
      {
        "type": "Basic Auth Credentials",
        "filename": "venv\\Lib\\site-packages\\sqlalchemy\\dialects\\mssql\\base.py",
        "hashed_secret": "9d4e1e23bd5b727046a9e3b4b7db57bd8d6ee684",
        "is_verified": false,
        "line_number": 650
      }
    ],
    "venv\\Lib\\site-packages\\sqlalchemy\\dialects\\mssql\\pyodbc.py": [
      {
        "type": "Basic Auth Credentials",
        "filename": "venv\\Lib\\site-packages\\sqlalchemy\\dialects\\mssql\\pyodbc.py",
        "hashed_secret": "46e3d772a1888eadff26c7ada47fd7502d796e07",
        "is_verified": false,
        "line_number": 55
      },
      {
        "type": "Secret Keyword",
        "filename": "venv\\Lib\\site-packages\\sqlalchemy\\dialects\\mssql\\pyodbc.py",
        "hashed_secret": "46e3d772a1888eadff26c7ada47fd7502d796e07",
        "is_verified": false,
        "line_number": 80
      }
    ],
    "venv\\Lib\\site-packages\\sqlalchemy\\dialects\\mysql\\aiomysql.py": [
      {
        "type": "Basic Auth Credentials",
        "filename": "venv\\Lib\\site-packages\\sqlalchemy\\dialects\\mysql\\aiomysql.py",
        "hashed_secret": "5baa61e4c9b93f3f0682250b6cf8331b7ee68fd8",
        "is_verified": false,
        "line_number": 12
      },
      {
        "type": "Basic Auth Credentials",
        "filename": "venv\\Lib\\site-packages\\sqlalchemy\\dialects\\mysql\\aiomysql.py",
        "hashed_secret": "9d4e1e23bd5b727046a9e3b4b7db57bd8d6ee684",
        "is_verified": false,
        "line_number": 27
      }
    ],
    "venv\\Lib\\site-packages\\sqlalchemy\\dialects\\mysql\\asyncmy.py": [
      {
        "type": "Basic Auth Credentials",
        "filename": "venv\\Lib\\site-packages\\sqlalchemy\\dialects\\mysql\\asyncmy.py",
        "hashed_secret": "5baa61e4c9b93f3f0682250b6cf8331b7ee68fd8",
        "is_verified": false,
        "line_number": 12
      },
      {
        "type": "Basic Auth Credentials",
        "filename": "venv\\Lib\\site-packages\\sqlalchemy\\dialects\\mysql\\asyncmy.py",
        "hashed_secret": "9d4e1e23bd5b727046a9e3b4b7db57bd8d6ee684",
        "is_verified": false,
        "line_number": 25
      }
    ],
    "venv\\Lib\\site-packages\\sqlalchemy\\dialects\\mysql\\base.py": [
      {
        "type": "Basic Auth Credentials",
        "filename": "venv\\Lib\\site-packages\\sqlalchemy\\dialects\\mysql\\base.py",
        "hashed_secret": "9d4e1e23bd5b727046a9e3b4b7db57bd8d6ee684",
        "is_verified": false,
        "line_number": 37
      },
      {
        "type": "Basic Auth Credentials",
        "filename": "venv\\Lib\\site-packages\\sqlalchemy\\dialects\\mysql\\base.py",
        "hashed_secret": "46e3d772a1888eadff26c7ada47fd7502d796e07",
        "is_verified": false,
        "line_number": 245
      }
    ],
    "venv\\Lib\\site-packages\\sqlalchemy\\dialects\\mysql\\mysqldb.py": [
      {
        "type": "Basic Auth Credentials",
        "filename": "venv\\Lib\\site-packages\\sqlalchemy\\dialects\\mysql\\mysqldb.py",
        "hashed_secret": "46e3d772a1888eadff26c7ada47fd7502d796e07",
        "is_verified": false,
        "line_number": 44
      },
      {
        "type": "Secret Keyword",
        "filename": "venv\\Lib\\site-packages\\sqlalchemy\\dialects\\mysql\\mysqldb.py",
        "hashed_secret": "30274c47903bd1bac7633bbf09743149ebab805f",
        "is_verified": false,
        "line_number": 205
      }
    ],
    "venv\\Lib\\site-packages\\sqlalchemy\\dialects\\mysql\\pymysql.py": [
      {
        "type": "Basic Auth Credentials",
        "filename": "venv\\Lib\\site-packages\\sqlalchemy\\dialects\\mysql\\pymysql.py",
        "hashed_secret": "46e3d772a1888eadff26c7ada47fd7502d796e07",
        "is_verified": false,
        "line_number": 35
      }
    ],
    "venv\\Lib\\site-packages\\sqlalchemy\\dialects\\oracle\\base.py": [
      {
        "type": "Basic Auth Credentials",
        "filename": "venv\\Lib\\site-packages\\sqlalchemy\\dialects\\oracle\\base.py",
        "hashed_secret": "46e3d772a1888eadff26c7ada47fd7502d796e07",
        "is_verified": false,
        "line_number": 310
      }
    ],
    "venv\\Lib\\site-packages\\sqlalchemy\\dialects\\oracle\\oracledb.py": [
      {
        "type": "Basic Auth Credentials",
        "filename": "venv\\Lib\\site-packages\\sqlalchemy\\dialects\\oracle\\oracledb.py",
        "hashed_secret": "46e3d772a1888eadff26c7ada47fd7502d796e07",
        "is_verified": false,
        "line_number": 36
      },
      {
        "type": "Secret Keyword",
        "filename": "venv\\Lib\\site-packages\\sqlalchemy\\dialects\\oracle\\oracledb.py",
        "hashed_secret": "46e3d772a1888eadff26c7ada47fd7502d796e07",
        "is_verified": false,
        "line_number": 123
      },
      {
        "type": "Secret Keyword",
        "filename": "venv\\Lib\\site-packages\\sqlalchemy\\dialects\\oracle\\oracledb.py",
        "hashed_secret": "560f717e09249e269e82de5210b4ffbd9fa65047",
        "is_verified": false,
        "line_number": 231
      }
    ],
    "venv\\Lib\\site-packages\\sqlalchemy\\dialects\\oracle\\provision.py": [
      {
        "type": "Secret Keyword",
        "filename": "venv\\Lib\\site-packages\\sqlalchemy\\dialects\\oracle\\provision.py",
        "hashed_secret": "e1ba9234200cf4d3bb019c43fb270bbcf704a1c7",
        "is_verified": false,
        "line_number": 270
      }
    ],
    "venv\\Lib\\site-packages\\sqlalchemy\\dialects\\postgresql\\asyncpg.py": [
      {
        "type": "Basic Auth Credentials",
        "filename": "venv\\Lib\\site-packages\\sqlalchemy\\dialects\\postgresql\\asyncpg.py",
        "hashed_secret": "5baa61e4c9b93f3f0682250b6cf8331b7ee68fd8",
        "is_verified": false,
        "line_number": 13
      },
      {
        "type": "Basic Auth Credentials",
        "filename": "venv\\Lib\\site-packages\\sqlalchemy\\dialects\\postgresql\\asyncpg.py",
        "hashed_secret": "9d4e1e23bd5b727046a9e3b4b7db57bd8d6ee684",
        "is_verified": false,
        "line_number": 28
      }
    ],
    "venv\\Lib\\site-packages\\sqlalchemy\\dialects\\postgresql\\base.py": [
      {
        "type": "Basic Auth Credentials",
        "filename": "venv\\Lib\\site-packages\\sqlalchemy\\dialects\\postgresql\\base.py",
        "hashed_secret": "46e3d772a1888eadff26c7ada47fd7502d796e07",
        "is_verified": false,
        "line_number": 170
      }
    ],
    "venv\\Lib\\site-packages\\sqlalchemy\\dialects\\postgresql\\json.py": [
      {
        "type": "Basic Auth Credentials",
        "filename": "venv\\Lib\\site-packages\\sqlalchemy\\dialects\\postgresql\\json.py",
        "hashed_secret": "46e3d772a1888eadff26c7ada47fd7502d796e07",
        "is_verified": false,
        "line_number": 154
      }
    ],
    "venv\\Lib\\site-packages\\sqlalchemy\\dialects\\postgresql\\pg8000.py": [
      {
        "type": "Basic Auth Credentials",
        "filename": "venv\\Lib\\site-packages\\sqlalchemy\\dialects\\postgresql\\pg8000.py",
        "hashed_secret": "5baa61e4c9b93f3f0682250b6cf8331b7ee68fd8",
        "is_verified": false,
        "line_number": 13
      },
      {
        "type": "Basic Auth Credentials",
        "filename": "venv\\Lib\\site-packages\\sqlalchemy\\dialects\\postgresql\\pg8000.py",
        "hashed_secret": "9d4e1e23bd5b727046a9e3b4b7db57bd8d6ee684",
        "is_verified": false,
        "line_number": 43
      },
      {
        "type": "Basic Auth Credentials",
        "filename": "venv\\Lib\\site-packages\\sqlalchemy\\dialects\\postgresql\\pg8000.py",
        "hashed_secret": "46e3d772a1888eadff26c7ada47fd7502d796e07",
        "is_verified": false,
        "line_number": 58
      }
    ],
    "venv\\Lib\\site-packages\\sqlalchemy\\dialects\\postgresql\\psycopg.py": [
      {
        "type": "Basic Auth Credentials",
        "filename": "venv\\Lib\\site-packages\\sqlalchemy\\dialects\\postgresql\\psycopg.py",
        "hashed_secret": "5baa61e4c9b93f3f0682250b6cf8331b7ee68fd8",
        "is_verified": false,
        "line_number": 13
      },
      {
        "type": "Basic Auth Credentials",
        "filename": "venv\\Lib\\site-packages\\sqlalchemy\\dialects\\postgresql\\psycopg.py",
        "hashed_secret": "46e3d772a1888eadff26c7ada47fd7502d796e07",
        "is_verified": false,
        "line_number": 34
      }
    ],
    "venv\\Lib\\site-packages\\sqlalchemy\\dialects\\postgresql\\psycopg2.py": [
      {
        "type": "Basic Auth Credentials",
        "filename": "venv\\Lib\\site-packages\\sqlalchemy\\dialects\\postgresql\\psycopg2.py",
        "hashed_secret": "5baa61e4c9b93f3f0682250b6cf8331b7ee68fd8",
        "is_verified": false,
        "line_number": 13
      },
      {
        "type": "Basic Auth Credentials",
        "filename": "venv\\Lib\\site-packages\\sqlalchemy\\dialects\\postgresql\\psycopg2.py",
        "hashed_secret": "46e3d772a1888eadff26c7ada47fd7502d796e07",
        "is_verified": false,
        "line_number": 63
      },
      {
        "type": "Basic Auth Credentials",
        "filename": "venv\\Lib\\site-packages\\sqlalchemy\\dialects\\postgresql\\psycopg2.py",
        "hashed_secret": "9d4e1e23bd5b727046a9e3b4b7db57bd8d6ee684",
        "is_verified": false,
        "line_number": 347
      }
    ],
    "venv\\Lib\\site-packages\\sqlalchemy\\dialects\\postgresql\\psycopg2cffi.py": [
      {
        "type": "Basic Auth Credentials",
        "filename": "venv\\Lib\\site-packages\\sqlalchemy\\dialects\\postgresql\\psycopg2cffi.py",
        "hashed_secret": "5baa61e4c9b93f3f0682250b6cf8331b7ee68fd8",
        "is_verified": false,
        "line_number": 13
      }
    ],
    "venv\\Lib\\site-packages\\sqlalchemy\\dialects\\sqlite\\pysqlite.py": [
      {
        "type": "Basic Auth Credentials",
        "filename": "venv\\Lib\\site-packages\\sqlalchemy\\dialects\\sqlite\\pysqlite.py",
        "hashed_secret": "9d4e1e23bd5b727046a9e3b4b7db57bd8d6ee684",
        "is_verified": false,
        "line_number": 34
      }
    ],
    "venv\\Lib\\site-packages\\sqlalchemy\\engine\\create.py": [
      {
        "type": "Basic Auth Credentials",
        "filename": "venv\\Lib\\site-packages\\sqlalchemy\\engine\\create.py",
        "hashed_secret": "46e3d772a1888eadff26c7ada47fd7502d796e07",
        "is_verified": false,
        "line_number": 137
      },
      {
        "type": "Basic Auth Credentials",
        "filename": "venv\\Lib\\site-packages\\sqlalchemy\\engine\\create.py",
        "hashed_secret": "5baa61e4c9b93f3f0682250b6cf8331b7ee68fd8",
        "is_verified": false,
        "line_number": 143
      }
    ],
    "venv\\Lib\\site-packages\\sqlalchemy\\engine\\events.py": [
      {
        "type": "Secret Keyword",
        "filename": "venv\\Lib\\site-packages\\sqlalchemy\\engine\\events.py",
        "hashed_secret": "7165f6d407dc2fd68528da63260a913e71623e86",
        "is_verified": false,
        "line_number": 853
      }
    ],
    "venv\\Lib\\site-packages\\sqlalchemy\\engine\\interfaces.py": [
      {
        "type": "Basic Auth Credentials",
        "filename": "venv\\Lib\\site-packages\\sqlalchemy\\engine\\interfaces.py",
        "hashed_secret": "46e3d772a1888eadff26c7ada47fd7502d796e07",
        "is_verified": false,
        "line_number": 2795
      }
    ],
    "venv\\Lib\\site-packages\\sqlalchemy\\engine\\url.py": [
      {
        "type": "Basic Auth Credentials",
        "filename": "venv\\Lib\\site-packages\\sqlalchemy\\engine\\url.py",
        "hashed_secret": "9d4e1e23bd5b727046a9e3b4b7db57bd8d6ee684",
        "is_verified": false,
        "line_number": 126
      }
    ],
    "venv\\Lib\\site-packages\\sqlalchemy\\ext\\asyncio\\session.py": [
      {
        "type": "Basic Auth Credentials",
        "filename": "venv\\Lib\\site-packages\\sqlalchemy\\ext\\asyncio\\session.py",
        "hashed_secret": "46e3d772a1888eadff26c7ada47fd7502d796e07",
        "is_verified": false,
        "line_number": 1639
      }
    ],
    "venv\\Lib\\site-packages\\sqlalchemy\\sql\\schema.py": [
      {
        "type": "Basic Auth Credentials",
        "filename": "venv\\Lib\\site-packages\\sqlalchemy\\sql\\schema.py",
        "hashed_secret": "46e3d772a1888eadff26c7ada47fd7502d796e07",
        "is_verified": false,
        "line_number": 1904
      }
    ]
  },
  "generated_at": "2026-03-26T18:59:07Z"
}
